ASxxxx Linker V03.00 + NoICE + sdld,  page 1.
Hexadecimal  [32-Bits]

Area                                    Addr        Size        Decimal Bytes (Attributes)
--------------------------------        ----        ----        ------- ----- ------------
.  .ABS.                            00000000    00000000 =           0. bytes (ABS,CON)

      Value  Global                              Global Defined In Module
      -----  --------------------------------   ------------------------
     00000000  .__.ABS.                           _strlen
     00000000  l_CABS                          
     00000000  l_DABS                          
     00000000  l_DATA                          
     00000000  l__CODE                         
     00000000  s_.debug_abbrev                 
     00000000  s_.debug_frame                  
     00000000  s_.debug_info                   
     00000000  s_.debug_line                   
     00000000  s_.debug_loc                    
     00000000  s_.debug_pubnames               
     00000000  s_CABS                          
     00000000  s_DABS                          
     00000000  s__CODE                         
     00000001  l_SSEG                          
     00000001  s_DATA                          
     00000001  s_INITIALIZED                   
     00000003  l_GSFINAL                       
     00000004  l_INITIALIZED                   
     00000004  l_INITIALIZER                   
     00000005  s_SSEG                          
     0000001A  l_GSINIT                        
     0000006F  l_HOME                          
     000000B2  l_CONST                         
     000006AD  l_.debug_abbrev                 
     00001248  l_.debug_pubnames               
     0000340C  l_.debug_line                   
     000040B9  l_CODE                          
     00004BD8  l_.debug_info                   
     000059B1  l_.debug_frame                  
     000070B4  l_.debug_loc                    
     00008000  s_HOME                          
     0000806F  s_GSINIT                        
     00008089  s_GSFINAL                       
     0000808C  s_CONST                         
     0000813E  s_INITIALIZER                   
     00008142  s_CODE                          

ASxxxx Linker V03.00 + NoICE + sdld,  page 2.
Hexadecimal  [32-Bits]

Area                                    Addr        Size        Decimal Bytes (Attributes)
--------------------------------        ----        ----        ------- ----- ------------
INITIALIZED                         00000001    00000004 =           4. bytes (REL,CON)

      Value  Global                              Global Defined In Module
      -----  --------------------------------   ------------------------
     00000001  G$miliseconds$0_0$0                milis
     00000001  _miliseconds                       milis

ASxxxx Linker V03.00 + NoICE + sdld,  page 3.
Hexadecimal  [32-Bits]

Area                                    Addr        Size        Decimal Bytes (Attributes)
--------------------------------        ----        ----        ------- ----- ------------
SSEG                                00000005    00000001 =           1. bytes (REL,CON)

      Value  Global                              Global Defined In Module
      -----  --------------------------------   ------------------------
ASxxxx Linker V03.00 + NoICE + sdld,  page 4.
Hexadecimal  [32-Bits]

Area                                    Addr        Size        Decimal Bytes (Attributes)
--------------------------------        ----        ----        ------- ----- ------------
HOME                                00008000    0000006F =         111. bytes (REL,CON)

      Value  Global                              Global Defined In Module
      -----  --------------------------------   ------------------------
     00008000  A$main$62                          main
     00008004  A$main$63                          main
     00008008  A$main$64                          main
     0000800C  A$main$65                          main
     00008010  A$main$66                          main
     00008014  A$main$67                          main
     00008018  A$main$68                          main
     0000801C  A$main$69                          main
     00008020  A$main$70                          main
     00008024  A$main$71                          main
     00008028  A$main$72                          main
     0000802C  A$main$73                          main
     00008030  A$main$74                          main
     00008034  A$main$75                          main
     00008038  A$main$76                          main
     0000803C  A$main$77                          main
     00008040  A$main$78                          main
     00008044  A$main$79                          main
     00008048  A$main$80                          main
     0000804C  A$main$81                          main
     00008050  A$main$82                          main
     00008054  A$main$83                          main
     00008058  A$main$84                          main
     0000805C  A$main$85                          main
     00008060  A$main$86                          main
     00008064  A$main$87                          main
     00008068  A$main$88                          main
     0000806C  A$main$122                         main

ASxxxx Linker V03.00 + NoICE + sdld,  page 5.
Hexadecimal  [32-Bits]

Area                                    Addr        Size        Decimal Bytes (Attributes)
--------------------------------        ----        ----        ------- ----- ------------
GSINIT                              0000806F    0000001A =          26. bytes (REL,CON)

      Value  Global                              Global Defined In Module
      -----  --------------------------------   ------------------------
     0000806F  A$main$98                          main
     00008072  A$main$99                          main
     00008074  A$main$101                         main
     00008078  A$main$102                         main
     00008079  A$main$103                         main
     0000807B  A$main$105                         main
     0000807E  A$main$106                         main
     00008080  A$main$108                         main
     00008083  A$main$109                         main
     00008086  A$main$110                         main
     00008087  A$main$111                         main

ASxxxx Linker V03.00 + NoICE + sdld,  page 6.
Hexadecimal  [32-Bits]

Area                                    Addr        Size        Decimal Bytes (Attributes)
--------------------------------        ----        ----        ------- ----- ------------
GSFINAL                             00008089    00000003 =           3. bytes (REL,CON)

      Value  Global                              Global Defined In Module
      -----  --------------------------------   ------------------------
     00008089  A$main$115                         main

ASxxxx Linker V03.00 + NoICE + sdld,  page 7.
Hexadecimal  [32-Bits]

Area                                    Addr        Size        Decimal Bytes (Attributes)
--------------------------------        ----        ----        ------- ----- ------------
CONST                               0000808C    000000B2 =         178. bytes (REL,CON)

      Value  Global                              Global Defined In Module
      -----  --------------------------------   ------------------------
     0000808C  Fmain$__str_0$0_0$0                main
     00008099  Fstm8s_gpio$__str_0$0_0$0          stm8s_gpio
     000080B1  G$HSIDivFactor$0_0$0               stm8s_clk
     000080B1  _HSIDivFactor                      stm8s_clk
     000080B5  G$CLKPrescTable$0_0$0              stm8s_clk
     000080B5  _CLKPrescTable                     stm8s_clk
     000080BD  Fstm8s_clk$__str_0$0_0$0           stm8s_clk
     000080D4  Fstm8s_tim4$__str_0$0_0$0          stm8s_tim4
     000080EC  Fstm8s_itc$__str_0$0_0$0           stm8s_itc
     00008103  Fstm8s_adc2$__str_0$0_0$0          stm8s_adc2
     0000811B  Fstm8s_tim1$__str_0$0_0$0          stm8s_tim1

ASxxxx Linker V03.00 + NoICE + sdld,  page 8.
Hexadecimal  [32-Bits]

Area                                    Addr        Size        Decimal Bytes (Attributes)
--------------------------------        ----        ----        ------- ----- ------------
INITIALIZER                         0000813E    00000004 =           4. bytes (REL,CON)

      Value  Global                              Global Defined In Module
      -----  --------------------------------   ------------------------
     0000813E  Fmilis$__xinit_miliseconds$0_0$0   milis

ASxxxx Linker V03.00 + NoICE + sdld,  page 9.
Hexadecimal  [32-Bits]

Area                                    Addr        Size        Decimal Bytes (Attributes)
--------------------------------        ----        ----        ------- ----- ------------
CODE                                00008142    000040B9 =       16569. bytes (REL,CON)

      Value  Global                              Global Defined In Module
      -----  --------------------------------   ------------------------
     00008142  A$main$141                         main
     00008142  Smain$_delay_cycl$0                main
     00008142  Smain$_delay_cycl$1                main
     00008142  Smain$_delay_cycl$2                main
     00008143  A$main$142                         main
     00008144  A$main$146                         main
     00008144  Smain$_delay_cycl$3                main
     00008146  A$main$153                         main
     00008146  Smain$_delay_cycl$4                main
     00008146  Smain$_delay_cycl$5                main
     00008147  A$main$158                         main
     00008147  Smain$_delay_cycl$6                main
     00008147  Smain$_delay_cycl$7                main
     00008148  A$main$159                         main
     0000814A  A$main$160                         main
     0000814D  A$main$165                         main
     0000814D  Smain$_delay_cycl$8                main
     0000814E  A$main$173                         main
     0000814E  Smain$_delay_cycl$10               main
     0000814E  Smain$_delay_cycl$9                main
     0000814E  XFmain$_delay_cycl$0$0             main
     0000814F  A$main$189                         main
     0000814F  Smain$_delay_cycl$11               main
     0000814F  Smain$_delay_us$12                 main
     0000814F  Smain$_delay_us$13                 main
     0000814F  Smain$_delay_us$14                 main
     00008151  A$main$190                         main
     00008152  A$main$192                         main
     00008154  A$main$194                         main
     00008154  Smain$_delay_us$15                 main
     00008155  A$main$197                         main
     00008155  Smain$_delay_us$16                 main
     00008157  A$main$199                         main
     00008157  Smain$_delay_us$17                 main
     00008159  A$main$201                         main
     00008159  Smain$_delay_us$18                 main
     0000815B  A$main$203                         main
     0000815B  Smain$_delay_us$19                 main
     0000815D  A$main$206                         main
     0000815D  Smain$_delay_us$20                 main
     00008160  A$main$207                         main
     00008162  A$main$213                         main
     00008162  Smain$_delay_us$21                 main
     00008162  Smain$_delay_us$22                 main
     00008164  A$main$215                         main
     00008164  Smain$_delay_us$23                 main
     00008166  A$main$217                         main
     00008166  Smain$_delay_us$24                 main
     00008168  A$main$219                         main
     00008168  Smain$_delay_us$25                 main
ASxxxx Linker V03.00 + NoICE + sdld,  page 10.
Hexadecimal  [32-Bits]

Area                                    Addr        Size        Decimal Bytes (Attributes)
--------------------------------        ----        ----        ------- ----- ------------
CODE                                00008142    000040B9 =       16569. bytes (REL,CON)

      Value  Global                              Global Defined In Module
      -----  --------------------------------   ------------------------
     0000816A  A$main$222                         main
     0000816A  Smain$_delay_us$26                 main
     0000816B  A$main$224                         main
     0000816B  Smain$_delay_us$27                 main
     0000816D  A$main$227                         main
     0000816D  Smain$_delay_us$28                 main
     00008170  A$main$228                         main
     00008172  A$main$232                         main
     00008172  Smain$_delay_us$29                 main
     00008172  Smain$_delay_us$30                 main
     00008174  A$main$233                         main
     00008175  A$main$234                         main
     00008177  A$main$235                         main
     00008178  A$main$236                         main
     0000817A  A$main$237                         main
     0000817B  A$main$242                         main
     0000817B  Smain$_delay_us$31                 main
     0000817C  A$main$250                         main
     0000817C  Smain$_delay_us$32                 main
     0000817C  Smain$_delay_us$33                 main
     0000817D  A$main$251                         main
     0000817E  A$main$261                         main
     0000817E  Smain$_delay_us$34                 main
     0000817E  Smain$_delay_us$35                 main
     0000817E  Smain$_delay_us$36                 main
     0000817F  A$main$265                         main
     0000817F  Smain$_delay_us$37                 main
     00008180  A$main$266                         main
     00008182  A$main$267                         main
     00008185  A$main$271                         main
     00008186  A$main$282                         main
     00008186  Smain$_delay_us$38                 main
     00008186  Smain$_delay_us$39                 main
     00008186  Smain$_delay_us$40                 main
     00008186  Smain$_delay_us$41                 main
     00008186  XFmain$_delay_us$0$0               main
     00008187  A$main$297                         main
     00008187  Smain$_delay_us$42                 main
     00008187  Smain$encoder_init$43              main
     00008187  Smain$encoder_init$44              main
     00008187  Smain$encoder_init$45              main
     00008187  _encoder_init                      main
     00008189  A$main$300                         main
     00008189  Smain$encoder_init$46              main
     0000818B  A$main$303                         main
     0000818B  Smain$encoder_init$47              main
     0000818D  A$main$305                         main
     0000818D  Smain$encoder_init$48              main
     0000818F  A$main$308                         main
     0000818F  Smain$encoder_init$49              main
     00008192  A$main$309                         main
ASxxxx Linker V03.00 + NoICE + sdld,  page 11.
Hexadecimal  [32-Bits]

Area                                    Addr        Size        Decimal Bytes (Attributes)
--------------------------------        ----        ----        ------- ----- ------------
CODE                                00008142    000040B9 =       16569. bytes (REL,CON)

      Value  Global                              Global Defined In Module
      -----  --------------------------------   ------------------------
     00008194  A$main$314                         main
     00008194  Smain$encoder_init$50              main
     00008194  Smain$encoder_init$51              main
     00008196  A$main$317                         main
     00008196  Smain$encoder_init$52              main
     00008198  A$main$320                         main
     00008198  Smain$encoder_init$53              main
     0000819A  A$main$322                         main
     0000819A  Smain$encoder_init$54              main
     0000819C  A$main$325                         main
     0000819C  Smain$encoder_init$55              main
     0000819F  A$main$326                         main
     000081A1  A$main$331                         main
     000081A1  Smain$encoder_init$56              main
     000081A1  Smain$encoder_init$57              main
     000081A4  A$main$335                         main
     000081A4  Smain$encoder_init$58              main
     000081A6  A$main$338                         main
     000081A6  Smain$encoder_init$59              main
     000081A8  A$main$340                         main
     000081A8  Smain$encoder_init$60              main
     000081AA  A$main$343                         main
     000081AA  Smain$encoder_init$61              main
     000081AC  A$main$346                         main
     000081AC  Smain$encoder_init$62              main
     000081AE  A$main$348                         main
     000081AE  Smain$encoder_init$63              main
     000081B0  A$main$351                         main
     000081B0  Smain$encoder_init$64              main
     000081B3  A$main$352                         main
     000081B5  A$main$357                         main
     000081B5  Smain$encoder_init$65              main
     000081B5  Smain$encoder_init$66              main
     000081B7  A$main$360                         main
     000081B7  Smain$encoder_init$67              main
     000081B9  A$main$363                         main
     000081B9  Smain$encoder_init$68              main
     000081BB  A$main$366                         main
     000081BB  Smain$encoder_init$69              main
     000081BE  A$main$367                         main
     000081C0  A$main$372                         main
     000081C0  Smain$encoder_init$70              main
     000081C0  Smain$encoder_init$71              main
     000081C2  A$main$375                         main
     000081C2  Smain$encoder_init$72              main
     000081C5  A$main$376                         main
     000081C6  A$main$385                         main
     000081C6  Smain$encoder_init$73              main
     000081C6  Smain$encoder_init$74              main
     000081C6  Smain$encoder_init$75              main
     000081C6  XG$encoder_init$0$0                main
ASxxxx Linker V03.00 + NoICE + sdld,  page 12.
Hexadecimal  [32-Bits]

Area                                    Addr        Size        Decimal Bytes (Attributes)
--------------------------------        ----        ----        ------- ----- ------------
CODE                                00008142    000040B9 =       16569. bytes (REL,CON)

      Value  Global                              Global Defined In Module
      -----  --------------------------------   ------------------------
     000081C7  A$main$400                         main
     000081C7  Smain$encoder_init$76              main
     000081C7  Smain$setup$77                     main
     000081C7  Smain$setup$78                     main
     000081C7  Smain$setup$79                     main
     000081C7  _setup                             main
     000081C9  A$main$403                         main
     000081C9  Smain$setup$80                     main
     000081CC  A$main$404                         main
     000081CD  A$main$409                         main
     000081CD  Smain$setup$81                     main
     000081CD  Smain$setup$82                     main
     000081D0  A$main$413                         main
     000081D0  Smain$setup$83                     main
     000081D3  A$main$417                         main
     000081D3  Smain$setup$84                     main
     000081D5  A$main$420                         main
     000081D5  Smain$setup$85                     main
     000081D7  A$main$423                         main
     000081D7  Smain$setup$86                     main
     000081D9  A$main$425                         main
     000081D9  Smain$setup$87                     main
     000081DB  A$main$428                         main
     000081DB  Smain$setup$88                     main
     000081DE  A$main$429                         main
     000081E0  A$main$434                         main
     000081E0  Smain$setup$89                     main
     000081E0  Smain$setup$90                     main
     000081E3  A$main$442                         main
     000081E3  Smain$setup$91                     main
     000081E3  Smain$setup$92                     main
     000081E3  XG$setup$0$0                       main
     000081E4  A$main$454                         main
     000081E4  Smain$main$94                      main
     000081E4  Smain$main$95                      main
     000081E4  Smain$setup$93                     main
     000081E4  _main                              main
     000081E6  A$main$459                         main
     000081E6  Smain$main$96                      main
     000081E6  Smain$main$97                      main
     000081E9  A$main$461                         main
     000081EB  A$main$462                         main
     000081ED  A$main$466                         main
     000081ED  Smain$main$98                      main
     000081F0  A$main$467                         main
     000081F2  A$main$471                         main
     000081F2  Smain$main$99                      main
     000081F5  A$main$475                         main
     000081F5  Smain$main$100                     main
     000081F7  A$main$478                         main
     000081F7  Smain$main$101                     main
ASxxxx Linker V03.00 + NoICE + sdld,  page 13.
Hexadecimal  [32-Bits]

Area                                    Addr        Size        Decimal Bytes (Attributes)
--------------------------------        ----        ----        ------- ----- ------------
CODE                                00008142    000040B9 =       16569. bytes (REL,CON)

      Value  Global                              Global Defined In Module
      -----  --------------------------------   ------------------------
     000081F9  A$main$481                         main
     000081F9  Smain$main$102                     main
     000081FC  A$main$482                         main
     000081FD  A$main$489                         main
     000081FD  Smain$main$103                     main
     000081FD  Smain$main$104                     main
     000081FF  A$main$491                         main
     000081FF  Smain$main$105                     main
     00008201  A$main$494                         main
     00008201  Smain$main$106                     main
     00008204  A$main$495                         main
     00008205  A$main$500                         main
     00008205  Smain$main$107                     main
     00008205  Smain$main$108                     main
     00008206  A$main$501                         main
     00008208  A$main$502                         main
     0000820A  A$main$509                         main
     0000820A  Smain$main$109                     main
     0000820A  Smain$main$110                     main
     0000820D  A$main$510                         main
     0000820F  A$main$511                         main
     00008211  A$main$513                         main
     00008213  A$main$514                         main
     00008216  A$main$515                         main
     00008218  A$main$516                         main
     0000821A  A$main$517                         main
     0000821C  A$main$518                         main
     0000821E  A$main$519                         main
     00008220  A$main$520                         main
     00008222  A$main$521                         main
     00008224  A$main$523                         main
     00008226  A$main$524                         main
     00008228  A$main$525                         main
     0000822A  A$main$526                         main
     0000822C  A$main$527                         main
     0000822E  A$main$528                         main
     0000822F  A$main$529                         main
     00008231  A$main$532                         main
     00008233  A$main$533                         main
     00008235  A$main$534                         main
     00008237  A$main$535                         main
     00008239  A$main$536                         main
     0000823B  A$main$537                         main
     0000823D  A$main$538                         main
     0000823F  A$main$539                         main
     00008242  A$main$546                         main
     00008242  Smain$main$111                     main
     00008242  Smain$main$112                     main
     00008244  A$main$549                         main
     00008244  Smain$main$113                     main
     00008246  A$main$551                         main
ASxxxx Linker V03.00 + NoICE + sdld,  page 14.
Hexadecimal  [32-Bits]

Area                                    Addr        Size        Decimal Bytes (Attributes)
--------------------------------        ----        ----        ------- ----- ------------
CODE                                00008142    000040B9 =       16569. bytes (REL,CON)

      Value  Global                              Global Defined In Module
      -----  --------------------------------   ------------------------
     00008246  Smain$main$114                     main
     00008248  A$main$554                         main
     00008248  Smain$main$115                     main
     0000824B  A$main$555                         main
     0000824D  A$main$560                         main
     0000824D  Smain$main$116                     main
     0000824D  Smain$main$117                     main
     00008250  A$main$562                         main
     00008252  A$main$563                         main
     00008254  A$main$570                         main
     00008254  Smain$main$118                     main
     00008254  Smain$main$119                     main
     00008257  A$main$574                         main
     00008259  A$main$578                         main
     00008259  Smain$main$120                     main
     0000825B  A$main$579                         main
     0000825D  A$main$580                         main
     0000825F  A$main$581                         main
     00008262  A$main$589                         main
     00008262  Smain$main$121                     main
     00008262  Smain$main$122                     main
     00008262  Smain$main$123                     main
     00008264  A$main$592                         main
     00008264  Smain$main$124                     main
     00008266  A$main$595                         main
     00008266  Smain$main$125                     main
     00008269  A$main$596                         main
     0000826A  A$main$601                         main
     0000826A  Smain$main$126                     main
     0000826A  Smain$main$127                     main
     0000826C  A$main$602                         main
     0000826D  A$main$603                         main
     0000826E  A$main$604                         main
     00008270  A$main$610                         main
     00008272  A$main$611                         main
     00008273  A$main$614                         main
     00008273  Smain$main$128                     main
     00008275  A$main$616                         main
     00008275  Smain$main$129                     main
     00008277  A$main$619                         main
     00008277  Smain$main$130                     main
     00008278  A$main$620                         main
     0000827B  A$main$621                         main
     0000827C  A$main$624                         main
     0000827C  Smain$main$131                     main
     0000827F  A$main$625                         main
     00008281  A$main$632                         main
     00008281  Smain$main$132                     main
     00008281  Smain$main$133                     main
     00008282  A$main$633                         main
     00008283  A$main$634                         main
ASxxxx Linker V03.00 + NoICE + sdld,  page 15.
Hexadecimal  [32-Bits]

Area                                    Addr        Size        Decimal Bytes (Attributes)
--------------------------------        ----        ----        ------- ----- ------------
CODE                                00008142    000040B9 =       16569. bytes (REL,CON)

      Value  Global                              Global Defined In Module
      -----  --------------------------------   ------------------------
     00008284  A$main$637                         main
     00008284  Smain$main$134                     main
     00008287  A$main$638                         main
     00008288  A$main$644                         main
     00008288  Smain$main$135                     main
     00008288  Smain$main$136                     main
     0000828A  A$main$645                         main
     0000828B  A$main$647                         main
     0000828D  A$main$648                         main
     0000828F  A$main$655                         main
     0000828F  Smain$main$137                     main
     0000828F  Smain$main$138                     main
     00008291  A$main$656                         main
     00008293  A$main$659                         main
     00008293  Smain$main$139                     main
     00008296  A$main$665                         main
     00008296  Smain$main$140                     main
     00008298  A$main$669                         main
     00008298  Smain$main$141                     main
     00008298  Smain$main$142                     main
     00008298  XG$main$0$0                        main
     00008299  A$main$686                         main
     00008299  Smain$assert_failed$144            main
     00008299  Smain$assert_failed$145            main
     00008299  Smain$assert_failed$146            main
     00008299  Smain$main$143                     main
     00008299  _assert_failed                     main
     0000829C  A$main$694                         main
     0000829C  Smain$assert_failed$147            main
     0000829C  Smain$assert_failed$148            main
     0000829C  XG$assert_failed$0$0               main
     0000829D  A$milis$70                         milis
     0000829D  Fmain$__str_1$0_0$0                main
     0000829D  Smain$assert_failed$149            main
     0000829D  Smilis$milis$0                     milis
     0000829D  Smilis$milis$1                     milis
     0000829D  _milis                             milis
     0000829F  A$milis$75                         milis
     0000829F  Smilis$milis$2                     milis
     0000829F  Smilis$milis$3                     milis
     000082A1  A$milis$78                         milis
     000082A1  Smilis$milis$4                     milis
     000082A3  A$milis$81                         milis
     000082A3  Smilis$milis$5                     milis
     000082A6  A$milis$82                         milis
     000082A7  A$milis$87                         milis
     000082A7  Smilis$milis$6                     milis
     000082A7  Smilis$milis$7                     milis
     000082AA  A$milis$88                         milis
     000082AE  A$milis$89                         milis
     000082B0  A$milis$93                         milis
ASxxxx Linker V03.00 + NoICE + sdld,  page 16.
Hexadecimal  [32-Bits]

Area                                    Addr        Size        Decimal Bytes (Attributes)
--------------------------------        ----        ----        ------- ----- ------------
CODE                                00008142    000040B9 =       16569. bytes (REL,CON)

      Value  Global                              Global Defined In Module
      -----  --------------------------------   ------------------------
     000082B0  Smilis$milis$8                     milis
     000082B1  A$milis$95                         milis
     000082B1  Smilis$milis$9                     milis
     000082B3  A$milis$98                         milis
     000082B3  Smilis$milis$10                    milis
     000082B5  A$milis$101                        milis
     000082B5  Smilis$milis$11                    milis
     000082B8  A$milis$102                        milis
     000082B9  A$milis$104                        milis
     000082B9  Smilis$milis$12                    milis
     000082BA  A$milis$109                        milis
     000082BA  Smilis$milis$13                    milis
     000082BA  Smilis$milis$14                    milis
     000082BC  A$milis$115                        milis
     000082BC  Smilis$milis$15                    milis
     000082BE  A$milis$119                        milis
     000082BE  Smilis$milis$16                    milis
     000082BE  Smilis$milis$17                    milis
     000082BE  XG$milis$0$0                       milis
     000082BF  A$milis$134                        milis
     000082BF  Smilis$init_milis$19               milis
     000082BF  Smilis$init_milis$20               milis
     000082BF  Smilis$init_milis$21               milis
     000082BF  Smilis$milis$18                    milis
     000082BF  _init_milis                        milis
     000082C1  A$milis$137                        milis
     000082C1  Smilis$init_milis$22               milis
     000082C3  A$milis$140                        milis
     000082C3  Smilis$init_milis$23               milis
     000082C6  A$milis$141                        milis
     000082C7  A$milis$146                        milis
     000082C7  Smilis$init_milis$24               milis
     000082C7  Smilis$init_milis$25               milis
     000082C9  A$milis$149                        milis
     000082C9  Smilis$init_milis$26               milis
     000082CC  A$milis$150                        milis
     000082CD  A$milis$155                        milis
     000082CD  Smilis$init_milis$27               milis
     000082CD  Smilis$init_milis$28               milis
     000082CF  A$milis$158                        milis
     000082CF  Smilis$init_milis$29               milis
     000082D1  A$milis$161                        milis
     000082D1  Smilis$init_milis$30               milis
     000082D4  A$milis$162                        milis
     000082D5  A$milis$167                        milis
     000082D5  Smilis$init_milis$31               milis
     000082D5  Smilis$init_milis$32               milis
     000082D7  A$milis$170                        milis
     000082D7  Smilis$init_milis$33               milis
     000082D9  A$milis$173                        milis
     000082D9  Smilis$init_milis$34               milis
ASxxxx Linker V03.00 + NoICE + sdld,  page 17.
Hexadecimal  [32-Bits]

Area                                    Addr        Size        Decimal Bytes (Attributes)
--------------------------------        ----        ----        ------- ----- ------------
CODE                                00008142    000040B9 =       16569. bytes (REL,CON)

      Value  Global                              Global Defined In Module
      -----  --------------------------------   ------------------------
     000082DC  A$milis$174                        milis
     000082DD  A$milis$179                        milis
     000082DD  Smilis$init_milis$35               milis
     000082DD  Smilis$init_milis$36               milis
     000082DE  A$milis$183                        milis
     000082DE  Smilis$init_milis$37               milis
     000082E0  A$milis$186                        milis
     000082E0  Smilis$init_milis$38               milis
     000082E3  A$milis$187                        milis
     000082E4  A$milis$196                        milis
     000082E4  Smilis$init_milis$39               milis
     000082E4  Smilis$init_milis$40               milis
     000082E4  Smilis$init_milis$41               milis
     000082E4  XG$init_milis$0$0                  milis
     000082E5  A$milis$208                        milis
     000082E5  Smilis$TIM4_UPD_OVF_IRQHandler$4   milis
     000082E5  Smilis$init_milis$42               milis
     000082E5  _TIM4_UPD_OVF_IRQHandler           milis
     000082E6  A$milis$213                        milis
     000082E6  Smilis$TIM4_UPD_OVF_IRQHandler$4   milis
     000082E6  Smilis$TIM4_UPD_OVF_IRQHandler$4   milis
     000082E8  A$milis$216                        milis
     000082E8  Smilis$TIM4_UPD_OVF_IRQHandler$4   milis
     000082EB  A$milis$217                        milis
     000082EC  A$milis$222                        milis
     000082EC  Smilis$TIM4_UPD_OVF_IRQHandler$4   milis
     000082EC  Smilis$TIM4_UPD_OVF_IRQHandler$4   milis
     000082EF  A$milis$223                        milis
     000082F3  A$milis$225                        milis
     000082F4  A$milis$226                        milis
     000082F6  A$milis$227                        milis
     000082F8  A$milis$230                        milis
     000082FB  A$milis$231                        milis
     000082FF  A$milis$239                        milis
     000082FF  Smilis$TIM4_UPD_OVF_IRQHandler$4   milis
     000082FF  Smilis$TIM4_UPD_OVF_IRQHandler$5   milis
     000082FF  XG$TIM4_UPD_OVF_IRQHandler$0$0     milis
     00008300  A$spse_stm8$66                     spse_stm8
     00008300  Smilis$TIM4_UPD_OVF_IRQHandler$5   milis
     00008300  Sspse_stm8$_delay_cycl$0           spse_stm8
     00008300  Sspse_stm8$_delay_cycl$1           spse_stm8
     00008300  Sspse_stm8$_delay_cycl$2           spse_stm8
     00008301  A$spse_stm8$67                     spse_stm8
     00008302  A$spse_stm8$71                     spse_stm8
     00008302  Sspse_stm8$_delay_cycl$3           spse_stm8
     00008304  A$spse_stm8$78                     spse_stm8
     00008304  Sspse_stm8$_delay_cycl$4           spse_stm8
     00008304  Sspse_stm8$_delay_cycl$5           spse_stm8
     00008305  A$spse_stm8$83                     spse_stm8
     00008305  Sspse_stm8$_delay_cycl$6           spse_stm8
     00008305  Sspse_stm8$_delay_cycl$7           spse_stm8
ASxxxx Linker V03.00 + NoICE + sdld,  page 18.
Hexadecimal  [32-Bits]

Area                                    Addr        Size        Decimal Bytes (Attributes)
--------------------------------        ----        ----        ------- ----- ------------
CODE                                00008142    000040B9 =       16569. bytes (REL,CON)

      Value  Global                              Global Defined In Module
      -----  --------------------------------   ------------------------
     00008306  A$spse_stm8$84                     spse_stm8
     00008308  A$spse_stm8$85                     spse_stm8
     0000830B  A$spse_stm8$90                     spse_stm8
     0000830B  Sspse_stm8$_delay_cycl$8           spse_stm8
     0000830C  A$spse_stm8$98                     spse_stm8
     0000830C  Sspse_stm8$_delay_cycl$10          spse_stm8
     0000830C  Sspse_stm8$_delay_cycl$9           spse_stm8
     0000830C  XFspse_stm8$_delay_cycl$0$0        spse_stm8
     0000830D  A$spse_stm8$114                    spse_stm8
     0000830D  Sspse_stm8$_delay_cycl$11          spse_stm8
     0000830D  Sspse_stm8$_delay_us$12            spse_stm8
     0000830D  Sspse_stm8$_delay_us$13            spse_stm8
     0000830D  Sspse_stm8$_delay_us$14            spse_stm8
     0000830F  A$spse_stm8$115                    spse_stm8
     00008310  A$spse_stm8$117                    spse_stm8
     00008312  A$spse_stm8$119                    spse_stm8
     00008312  Sspse_stm8$_delay_us$15            spse_stm8
     00008313  A$spse_stm8$122                    spse_stm8
     00008313  Sspse_stm8$_delay_us$16            spse_stm8
     00008315  A$spse_stm8$124                    spse_stm8
     00008315  Sspse_stm8$_delay_us$17            spse_stm8
     00008317  A$spse_stm8$126                    spse_stm8
     00008317  Sspse_stm8$_delay_us$18            spse_stm8
     00008319  A$spse_stm8$128                    spse_stm8
     00008319  Sspse_stm8$_delay_us$19            spse_stm8
     0000831B  A$spse_stm8$131                    spse_stm8
     0000831B  Sspse_stm8$_delay_us$20            spse_stm8
     0000831E  A$spse_stm8$132                    spse_stm8
     00008320  A$spse_stm8$138                    spse_stm8
     00008320  Sspse_stm8$_delay_us$21            spse_stm8
     00008320  Sspse_stm8$_delay_us$22            spse_stm8
     00008322  A$spse_stm8$140                    spse_stm8
     00008322  Sspse_stm8$_delay_us$23            spse_stm8
     00008324  A$spse_stm8$142                    spse_stm8
     00008324  Sspse_stm8$_delay_us$24            spse_stm8
     00008326  A$spse_stm8$144                    spse_stm8
     00008326  Sspse_stm8$_delay_us$25            spse_stm8
     00008328  A$spse_stm8$147                    spse_stm8
     00008328  Sspse_stm8$_delay_us$26            spse_stm8
     00008329  A$spse_stm8$149                    spse_stm8
     00008329  Sspse_stm8$_delay_us$27            spse_stm8
     0000832B  A$spse_stm8$152                    spse_stm8
     0000832B  Sspse_stm8$_delay_us$28            spse_stm8
     0000832E  A$spse_stm8$153                    spse_stm8
     00008330  A$spse_stm8$157                    spse_stm8
     00008330  Sspse_stm8$_delay_us$29            spse_stm8
     00008330  Sspse_stm8$_delay_us$30            spse_stm8
     00008332  A$spse_stm8$158                    spse_stm8
     00008333  A$spse_stm8$159                    spse_stm8
     00008335  A$spse_stm8$160                    spse_stm8
     00008336  A$spse_stm8$161                    spse_stm8
ASxxxx Linker V03.00 + NoICE + sdld,  page 19.
Hexadecimal  [32-Bits]

Area                                    Addr        Size        Decimal Bytes (Attributes)
--------------------------------        ----        ----        ------- ----- ------------
CODE                                00008142    000040B9 =       16569. bytes (REL,CON)

      Value  Global                              Global Defined In Module
      -----  --------------------------------   ------------------------
     00008338  A$spse_stm8$162                    spse_stm8
     00008339  A$spse_stm8$167                    spse_stm8
     00008339  Sspse_stm8$_delay_us$31            spse_stm8
     0000833A  A$spse_stm8$175                    spse_stm8
     0000833A  Sspse_stm8$_delay_us$32            spse_stm8
     0000833A  Sspse_stm8$_delay_us$33            spse_stm8
     0000833B  A$spse_stm8$176                    spse_stm8
     0000833C  A$spse_stm8$186                    spse_stm8
     0000833C  Sspse_stm8$_delay_us$34            spse_stm8
     0000833C  Sspse_stm8$_delay_us$35            spse_stm8
     0000833C  Sspse_stm8$_delay_us$36            spse_stm8
     0000833D  A$spse_stm8$190                    spse_stm8
     0000833D  Sspse_stm8$_delay_us$37            spse_stm8
     0000833E  A$spse_stm8$191                    spse_stm8
     00008340  A$spse_stm8$192                    spse_stm8
     00008343  A$spse_stm8$196                    spse_stm8
     00008344  A$spse_stm8$207                    spse_stm8
     00008344  Sspse_stm8$_delay_us$38            spse_stm8
     00008344  Sspse_stm8$_delay_us$39            spse_stm8
     00008344  Sspse_stm8$_delay_us$40            spse_stm8
     00008344  Sspse_stm8$_delay_us$41            spse_stm8
     00008344  XFspse_stm8$_delay_us$0$0          spse_stm8
     00008345  A$spse_stm8$222                    spse_stm8
     00008345  Sspse_stm8$ADC_get$43              spse_stm8
     00008345  Sspse_stm8$ADC_get$44              spse_stm8
     00008345  Sspse_stm8$ADC_get$45              spse_stm8
     00008345  Sspse_stm8$_delay_us$42            spse_stm8
     00008345  _ADC_get                           spse_stm8
     00008347  A$spse_stm8$223                    spse_stm8
     00008348  A$spse_stm8$226                    spse_stm8
     00008348  Sspse_stm8$ADC_get$46              spse_stm8
     0000834B  A$spse_stm8$227                    spse_stm8
     0000834C  A$spse_stm8$232                    spse_stm8
     0000834C  Sspse_stm8$ADC_get$47              spse_stm8
     0000834C  Sspse_stm8$ADC_get$48              spse_stm8
     0000834F  A$spse_stm8$234                    spse_stm8
     00008351  A$spse_stm8$236                    spse_stm8
     00008354  A$spse_stm8$242                    spse_stm8
     00008354  Sspse_stm8$ADC_get$49              spse_stm8
     00008357  A$spse_stm8$244                    spse_stm8
     00008358  A$spse_stm8$245                    spse_stm8
     0000835A  A$spse_stm8$246                    spse_stm8
     0000835D  A$spse_stm8$252                    spse_stm8
     0000835D  Sspse_stm8$ADC_get$50              spse_stm8
     00008360  A$spse_stm8$254                    spse_stm8
     00008362  A$spse_stm8$256                    spse_stm8
     00008365  A$spse_stm8$260                    spse_stm8
     00008365  Sspse_stm8$ADC_get$51              spse_stm8
     00008368  A$spse_stm8$269                    spse_stm8
     00008368  Sspse_stm8$ADC_get$52              spse_stm8
     00008368  Sspse_stm8$ADC_get$53              spse_stm8
ASxxxx Linker V03.00 + NoICE + sdld,  page 20.
Hexadecimal  [32-Bits]

Area                                    Addr        Size        Decimal Bytes (Attributes)
--------------------------------        ----        ----        ------- ----- ------------
CODE                                00008142    000040B9 =       16569. bytes (REL,CON)

      Value  Global                              Global Defined In Module
      -----  --------------------------------   ------------------------
     00008368  XG$ADC_get$0$0                     spse_stm8
     00008369  A$spse_stm8$281                    spse_stm8
     00008369  Sspse_stm8$ADC2_Select_Channel$5   spse_stm8
     00008369  Sspse_stm8$ADC2_Select_Channel$5   spse_stm8
     00008369  Sspse_stm8$ADC_get$54              spse_stm8
     00008369  _ADC2_Select_Channel               spse_stm8
     0000836A  A$spse_stm8$286                    spse_stm8
     0000836A  Sspse_stm8$ADC2_Select_Channel$5   spse_stm8
     0000836A  Sspse_stm8$ADC2_Select_Channel$5   spse_stm8
     0000836D  A$spse_stm8$288                    spse_stm8
     0000836F  A$spse_stm8$289                    spse_stm8
     00008371  A$spse_stm8$293                    spse_stm8
     00008371  Sspse_stm8$ADC2_Select_Channel$5   spse_stm8
     00008373  A$spse_stm8$294                    spse_stm8
     00008375  A$spse_stm8$296                    spse_stm8
     00008377  A$spse_stm8$301                    spse_stm8
     00008377  Sspse_stm8$ADC2_Select_Channel$6   spse_stm8
     0000837A  A$spse_stm8$307                    spse_stm8
     0000837A  Sspse_stm8$ADC2_Select_Channel$6   spse_stm8
     0000837B  A$spse_stm8$311                    spse_stm8
     0000837B  Sspse_stm8$ADC2_Select_Channel$6   spse_stm8
     0000837B  Sspse_stm8$ADC2_Select_Channel$6   spse_stm8
     0000837B  XG$ADC2_Select_Channel$0$0         spse_stm8
     0000837C  A$spse_stm8$326                    spse_stm8
     0000837C  Sspse_stm8$ADC2_AlignConfig$65     spse_stm8
     0000837C  Sspse_stm8$ADC2_AlignConfig$66     spse_stm8
     0000837C  Sspse_stm8$ADC2_AlignConfig$67     spse_stm8
     0000837C  Sspse_stm8$ADC2_Select_Channel$6   spse_stm8
     0000837C  _ADC2_AlignConfig                  spse_stm8
     0000837F  A$spse_stm8$330                    spse_stm8
     0000837F  Sspse_stm8$ADC2_AlignConfig$68     spse_stm8
     00008381  A$spse_stm8$331                    spse_stm8
     00008383  A$spse_stm8$332                    spse_stm8
     00008386  A$spse_stm8$338                    spse_stm8
     00008386  Sspse_stm8$ADC2_AlignConfig$69     spse_stm8
     00008386  Sspse_stm8$ADC2_AlignConfig$70     spse_stm8
     00008388  A$spse_stm8$340                    spse_stm8
     0000838B  A$spse_stm8$343                    spse_stm8
     0000838B  Sspse_stm8$ADC2_AlignConfig$71     spse_stm8
     0000838E  A$spse_stm8$350                    spse_stm8
     0000838E  Sspse_stm8$ADC2_AlignConfig$72     spse_stm8
     0000838E  Sspse_stm8$ADC2_AlignConfig$73     spse_stm8
     00008390  A$spse_stm8$352                    spse_stm8
     00008393  A$spse_stm8$361                    spse_stm8
     00008393  Sspse_stm8$ADC2_AlignConfig$74     spse_stm8
     00008393  Sspse_stm8$ADC2_AlignConfig$75     spse_stm8
     00008393  Sspse_stm8$ADC2_AlignConfig$76     spse_stm8
     00008393  XG$ADC2_AlignConfig$0$0            spse_stm8
     00008394  A$spse_stm8$376                    spse_stm8
     00008394  Sspse_stm8$ADC2_AlignConfig$77     spse_stm8
     00008394  Sspse_stm8$ADC2_Startup_Wait$78    spse_stm8
ASxxxx Linker V03.00 + NoICE + sdld,  page 21.
Hexadecimal  [32-Bits]

Area                                    Addr        Size        Decimal Bytes (Attributes)
--------------------------------        ----        ----        ------- ----- ------------
CODE                                00008142    000040B9 =       16569. bytes (REL,CON)

      Value  Global                              Global Defined In Module
      -----  --------------------------------   ------------------------
     00008394  Sspse_stm8$ADC2_Startup_Wait$79    spse_stm8
     00008394  Sspse_stm8$ADC2_Startup_Wait$80    spse_stm8
     00008394  _ADC2_Startup_Wait                 spse_stm8
     00008397  A$spse_stm8$380                    spse_stm8
     00008397  Sspse_stm8$ADC2_Startup_Wait$81    spse_stm8
     00008398  A$spse_stm8$381                    spse_stm8
     00008399  A$spse_stm8$391                    spse_stm8
     00008399  Sspse_stm8$ADC2_Startup_Wait$82    spse_stm8
     00008399  Sspse_stm8$ADC2_Startup_Wait$83    spse_stm8
     00008399  Sspse_stm8$ADC2_Startup_Wait$84    spse_stm8
     0000839A  A$spse_stm8$395                    spse_stm8
     0000839A  Sspse_stm8$ADC2_Startup_Wait$85    spse_stm8
     0000839B  A$spse_stm8$396                    spse_stm8
     0000839D  A$spse_stm8$397                    spse_stm8
     000083A0  A$spse_stm8$401                    spse_stm8
     000083A1  A$spse_stm8$412                    spse_stm8
     000083A1  Sspse_stm8$ADC2_Startup_Wait$86    spse_stm8
     000083A1  Sspse_stm8$ADC2_Startup_Wait$87    spse_stm8
     000083A1  Sspse_stm8$ADC2_Startup_Wait$88    spse_stm8
     000083A1  Sspse_stm8$ADC2_Startup_Wait$89    spse_stm8
     000083A1  XG$ADC2_Startup_Wait$0$0           spse_stm8
     000083A2  A$stm8_hd44780$82                  stm8_hd44780
     000083A2  Sspse_stm8$ADC2_Startup_Wait$90    spse_stm8
     000083A2  Sstm8_hd44780$_delay_cycl$0        stm8_hd44780
     000083A2  Sstm8_hd44780$_delay_cycl$1        stm8_hd44780
     000083A2  Sstm8_hd44780$_delay_cycl$2        stm8_hd44780
     000083A3  A$stm8_hd44780$83                  stm8_hd44780
     000083A4  A$stm8_hd44780$87                  stm8_hd44780
     000083A4  Sstm8_hd44780$_delay_cycl$3        stm8_hd44780
     000083A6  A$stm8_hd44780$94                  stm8_hd44780
     000083A6  Sstm8_hd44780$_delay_cycl$4        stm8_hd44780
     000083A6  Sstm8_hd44780$_delay_cycl$5        stm8_hd44780
     000083A7  A$stm8_hd44780$99                  stm8_hd44780
     000083A7  Sstm8_hd44780$_delay_cycl$6        stm8_hd44780
     000083A7  Sstm8_hd44780$_delay_cycl$7        stm8_hd44780
     000083A8  A$stm8_hd44780$100                 stm8_hd44780
     000083AA  A$stm8_hd44780$101                 stm8_hd44780
     000083AD  A$stm8_hd44780$106                 stm8_hd44780
     000083AD  Sstm8_hd44780$_delay_cycl$8        stm8_hd44780
     000083AE  A$stm8_hd44780$114                 stm8_hd44780
     000083AE  Sstm8_hd44780$_delay_cycl$10       stm8_hd44780
     000083AE  Sstm8_hd44780$_delay_cycl$9        stm8_hd44780
     000083AE  XFstm8_hd44780$_delay_cycl$0$0     stm8_hd44780
     000083AF  A$stm8_hd44780$130                 stm8_hd44780
     000083AF  Sstm8_hd44780$_delay_cycl$11       stm8_hd44780
     000083AF  Sstm8_hd44780$_delay_us$12         stm8_hd44780
     000083AF  Sstm8_hd44780$_delay_us$13         stm8_hd44780
     000083AF  Sstm8_hd44780$_delay_us$14         stm8_hd44780
     000083B1  A$stm8_hd44780$131                 stm8_hd44780
     000083B2  A$stm8_hd44780$133                 stm8_hd44780
     000083B4  A$stm8_hd44780$135                 stm8_hd44780
ASxxxx Linker V03.00 + NoICE + sdld,  page 22.
Hexadecimal  [32-Bits]

Area                                    Addr        Size        Decimal Bytes (Attributes)
--------------------------------        ----        ----        ------- ----- ------------
CODE                                00008142    000040B9 =       16569. bytes (REL,CON)

      Value  Global                              Global Defined In Module
      -----  --------------------------------   ------------------------
     000083B4  Sstm8_hd44780$_delay_us$15         stm8_hd44780
     000083B5  A$stm8_hd44780$138                 stm8_hd44780
     000083B5  Sstm8_hd44780$_delay_us$16         stm8_hd44780
     000083B7  A$stm8_hd44780$140                 stm8_hd44780
     000083B7  Sstm8_hd44780$_delay_us$17         stm8_hd44780
     000083B9  A$stm8_hd44780$142                 stm8_hd44780
     000083B9  Sstm8_hd44780$_delay_us$18         stm8_hd44780
     000083BB  A$stm8_hd44780$144                 stm8_hd44780
     000083BB  Sstm8_hd44780$_delay_us$19         stm8_hd44780
     000083BD  A$stm8_hd44780$147                 stm8_hd44780
     000083BD  Sstm8_hd44780$_delay_us$20         stm8_hd44780
     000083C0  A$stm8_hd44780$148                 stm8_hd44780
     000083C2  A$stm8_hd44780$154                 stm8_hd44780
     000083C2  Sstm8_hd44780$_delay_us$21         stm8_hd44780
     000083C2  Sstm8_hd44780$_delay_us$22         stm8_hd44780
     000083C4  A$stm8_hd44780$156                 stm8_hd44780
     000083C4  Sstm8_hd44780$_delay_us$23         stm8_hd44780
     000083C6  A$stm8_hd44780$158                 stm8_hd44780
     000083C6  Sstm8_hd44780$_delay_us$24         stm8_hd44780
     000083C8  A$stm8_hd44780$160                 stm8_hd44780
     000083C8  Sstm8_hd44780$_delay_us$25         stm8_hd44780
     000083CA  A$stm8_hd44780$163                 stm8_hd44780
     000083CA  Sstm8_hd44780$_delay_us$26         stm8_hd44780
     000083CB  A$stm8_hd44780$165                 stm8_hd44780
     000083CB  Sstm8_hd44780$_delay_us$27         stm8_hd44780
     000083CD  A$stm8_hd44780$168                 stm8_hd44780
     000083CD  Sstm8_hd44780$_delay_us$28         stm8_hd44780
     000083D0  A$stm8_hd44780$169                 stm8_hd44780
     000083D2  A$stm8_hd44780$173                 stm8_hd44780
     000083D2  Sstm8_hd44780$_delay_us$29         stm8_hd44780
     000083D2  Sstm8_hd44780$_delay_us$30         stm8_hd44780
     000083D4  A$stm8_hd44780$174                 stm8_hd44780
     000083D5  A$stm8_hd44780$175                 stm8_hd44780
     000083D7  A$stm8_hd44780$176                 stm8_hd44780
     000083D8  A$stm8_hd44780$177                 stm8_hd44780
     000083DA  A$stm8_hd44780$178                 stm8_hd44780
     000083DB  A$stm8_hd44780$183                 stm8_hd44780
     000083DB  Sstm8_hd44780$_delay_us$31         stm8_hd44780
     000083DC  A$stm8_hd44780$191                 stm8_hd44780
     000083DC  Sstm8_hd44780$_delay_us$32         stm8_hd44780
     000083DC  Sstm8_hd44780$_delay_us$33         stm8_hd44780
     000083DD  A$stm8_hd44780$192                 stm8_hd44780
     000083DE  A$stm8_hd44780$202                 stm8_hd44780
     000083DE  Sstm8_hd44780$_delay_us$34         stm8_hd44780
     000083DE  Sstm8_hd44780$_delay_us$35         stm8_hd44780
     000083DE  Sstm8_hd44780$_delay_us$36         stm8_hd44780
     000083DF  A$stm8_hd44780$206                 stm8_hd44780
     000083DF  Sstm8_hd44780$_delay_us$37         stm8_hd44780
     000083E0  A$stm8_hd44780$207                 stm8_hd44780
     000083E2  A$stm8_hd44780$208                 stm8_hd44780
     000083E5  A$stm8_hd44780$212                 stm8_hd44780
ASxxxx Linker V03.00 + NoICE + sdld,  page 23.
Hexadecimal  [32-Bits]

Area                                    Addr        Size        Decimal Bytes (Attributes)
--------------------------------        ----        ----        ------- ----- ------------
CODE                                00008142    000040B9 =       16569. bytes (REL,CON)

      Value  Global                              Global Defined In Module
      -----  --------------------------------   ------------------------
     000083E6  A$stm8_hd44780$223                 stm8_hd44780
     000083E6  Sstm8_hd44780$_delay_us$38         stm8_hd44780
     000083E6  Sstm8_hd44780$_delay_us$39         stm8_hd44780
     000083E6  Sstm8_hd44780$_delay_us$40         stm8_hd44780
     000083E6  Sstm8_hd44780$_delay_us$41         stm8_hd44780
     000083E6  XFstm8_hd44780$_delay_us$0$0       stm8_hd44780
     000083E7  A$stm8_hd44780$235                 stm8_hd44780
     000083E7  Sstm8_hd44780$_delay_us$42         stm8_hd44780
     000083E7  Sstm8_hd44780$lcd_store_symbol$4   stm8_hd44780
     000083E7  Sstm8_hd44780$lcd_store_symbol$4   stm8_hd44780
     000083E7  _lcd_store_symbol                  stm8_hd44780
     000083E8  A$stm8_hd44780$241                 stm8_hd44780
     000083E8  Sstm8_hd44780$lcd_store_symbol$4   stm8_hd44780
     000083E8  Sstm8_hd44780$lcd_store_symbol$4   stm8_hd44780
     000083EA  A$stm8_hd44780$242                 stm8_hd44780
     000083EC  A$stm8_hd44780$243                 stm8_hd44780
     000083EE  A$stm8_hd44780$244                 stm8_hd44780
     000083F1  A$stm8_hd44780$248                 stm8_hd44780
     000083F4  A$stm8_hd44780$254                 stm8_hd44780
     000083F4  Sstm8_hd44780$lcd_store_symbol$4   stm8_hd44780
     000083F6  A$stm8_hd44780$255                 stm8_hd44780
     000083F8  A$stm8_hd44780$257                 stm8_hd44780
     000083F9  A$stm8_hd44780$260                 stm8_hd44780
     000083F9  Sstm8_hd44780$lcd_store_symbol$4   stm8_hd44780
     000083FC  A$stm8_hd44780$261                 stm8_hd44780
     000083FD  A$stm8_hd44780$266                 stm8_hd44780
     000083FD  Sstm8_hd44780$lcd_store_symbol$4   stm8_hd44780
     000083FD  Sstm8_hd44780$lcd_store_symbol$5   stm8_hd44780
     000083FF  A$stm8_hd44780$273                 stm8_hd44780
     000083FF  Sstm8_hd44780$lcd_store_symbol$5   stm8_hd44780
     000083FF  Sstm8_hd44780$lcd_store_symbol$5   stm8_hd44780
     00008400  A$stm8_hd44780$274                 stm8_hd44780
     00008402  A$stm8_hd44780$275                 stm8_hd44780
     00008403  A$stm8_hd44780$276                 stm8_hd44780
     00008406  A$stm8_hd44780$278                 stm8_hd44780
     00008407  A$stm8_hd44780$280                 stm8_hd44780
     00008408  A$stm8_hd44780$283                 stm8_hd44780
     00008408  Sstm8_hd44780$lcd_store_symbol$5   stm8_hd44780
     0000840B  A$stm8_hd44780$284                 stm8_hd44780
     0000840C  A$stm8_hd44780$290                 stm8_hd44780
     0000840C  Sstm8_hd44780$lcd_store_symbol$5   stm8_hd44780
     0000840C  Sstm8_hd44780$lcd_store_symbol$5   stm8_hd44780
     0000840C  Sstm8_hd44780$lcd_store_symbol$5   stm8_hd44780
     0000840E  A$stm8_hd44780$293                 stm8_hd44780
     00008410  A$stm8_hd44780$294                 stm8_hd44780
     00008412  A$stm8_hd44780$295                 stm8_hd44780
     00008414  A$stm8_hd44780$296                 stm8_hd44780
     00008417  A$stm8_hd44780$302                 stm8_hd44780
     00008417  Sstm8_hd44780$lcd_store_symbol$5   stm8_hd44780
     00008419  A$stm8_hd44780$305                 stm8_hd44780
     00008419  Sstm8_hd44780$lcd_store_symbol$5   stm8_hd44780
ASxxxx Linker V03.00 + NoICE + sdld,  page 24.
Hexadecimal  [32-Bits]

Area                                    Addr        Size        Decimal Bytes (Attributes)
--------------------------------        ----        ----        ------- ----- ------------
CODE                                00008142    000040B9 =       16569. bytes (REL,CON)

      Value  Global                              Global Defined In Module
      -----  --------------------------------   ------------------------
     0000841C  A$stm8_hd44780$306                 stm8_hd44780
     0000841D  A$stm8_hd44780$313                 stm8_hd44780
     0000841D  Sstm8_hd44780$lcd_store_symbol$5   stm8_hd44780
     0000841D  Sstm8_hd44780$lcd_store_symbol$6   stm8_hd44780
     0000841E  A$stm8_hd44780$317                 stm8_hd44780
     0000841E  Sstm8_hd44780$lcd_store_symbol$6   stm8_hd44780
     0000841E  Sstm8_hd44780$lcd_store_symbol$6   stm8_hd44780
     0000841E  XG$lcd_store_symbol$0$0            stm8_hd44780
     0000841F  A$stm8_hd44780$332                 stm8_hd44780
     0000841F  Sstm8_hd44780$lcd_puts$64          stm8_hd44780
     0000841F  Sstm8_hd44780$lcd_puts$65          stm8_hd44780
     0000841F  Sstm8_hd44780$lcd_puts$66          stm8_hd44780
     0000841F  Sstm8_hd44780$lcd_store_symbol$6   stm8_hd44780
     0000841F  _lcd_puts                          stm8_hd44780
     00008421  A$stm8_hd44780$336                 stm8_hd44780
     00008422  A$stm8_hd44780$338                 stm8_hd44780
     00008423  A$stm8_hd44780$339                 stm8_hd44780
     00008425  A$stm8_hd44780$340                 stm8_hd44780
     00008428  A$stm8_hd44780$346                 stm8_hd44780
     00008428  Sstm8_hd44780$lcd_puts$67          stm8_hd44780
     00008428  Sstm8_hd44780$lcd_puts$68          stm8_hd44780
     00008429  A$stm8_hd44780$348                 stm8_hd44780
     00008429  Sstm8_hd44780$lcd_puts$69          stm8_hd44780
     0000842A  A$stm8_hd44780$351                 stm8_hd44780
     0000842A  Sstm8_hd44780$lcd_puts$70          stm8_hd44780
     0000842D  A$stm8_hd44780$352                 stm8_hd44780
     0000842E  A$stm8_hd44780$354                 stm8_hd44780
     0000842E  Sstm8_hd44780$lcd_puts$71          stm8_hd44780
     0000842F  A$stm8_hd44780$359                 stm8_hd44780
     0000842F  Sstm8_hd44780$lcd_puts$72          stm8_hd44780
     0000842F  Sstm8_hd44780$lcd_puts$73          stm8_hd44780
     00008430  A$stm8_hd44780$362                 stm8_hd44780
     00008430  Sstm8_hd44780$lcd_puts$74          stm8_hd44780
     00008433  A$stm8_hd44780$370                 stm8_hd44780
     00008433  Sstm8_hd44780$lcd_puts$75          stm8_hd44780
     00008433  Sstm8_hd44780$lcd_puts$76          stm8_hd44780
     00008433  XG$lcd_puts$0$0                    stm8_hd44780
     00008434  A$stm8_hd44780$385                 stm8_hd44780
     00008434  Sstm8_hd44780$lcd_init$78          stm8_hd44780
     00008434  Sstm8_hd44780$lcd_init$79          stm8_hd44780
     00008434  Sstm8_hd44780$lcd_init$80          stm8_hd44780
     00008434  Sstm8_hd44780$lcd_puts$77          stm8_hd44780
     00008434  _lcd_init                          stm8_hd44780
     00008437  A$stm8_hd44780$389                 stm8_hd44780
     00008437  Sstm8_hd44780$lcd_init$81          stm8_hd44780
     0000843A  A$stm8_hd44780$393                 stm8_hd44780
     0000843A  Sstm8_hd44780$lcd_init$82          stm8_hd44780
     0000843D  A$stm8_hd44780$397                 stm8_hd44780
     0000843D  Sstm8_hd44780$lcd_init$83          stm8_hd44780
     0000843E  A$stm8_hd44780$398                 stm8_hd44780
     0000843F  A$stm8_hd44780$408                 stm8_hd44780
ASxxxx Linker V03.00 + NoICE + sdld,  page 25.
Hexadecimal  [32-Bits]

Area                                    Addr        Size        Decimal Bytes (Attributes)
--------------------------------        ----        ----        ------- ----- ------------
CODE                                00008142    000040B9 =       16569. bytes (REL,CON)

      Value  Global                              Global Defined In Module
      -----  --------------------------------   ------------------------
     0000843F  Sstm8_hd44780$lcd_init$84          stm8_hd44780
     0000843F  Sstm8_hd44780$lcd_init$85          stm8_hd44780
     0000843F  Sstm8_hd44780$lcd_init$86          stm8_hd44780
     00008440  A$stm8_hd44780$412                 stm8_hd44780
     00008440  Sstm8_hd44780$lcd_init$87          stm8_hd44780
     00008441  A$stm8_hd44780$413                 stm8_hd44780
     00008443  A$stm8_hd44780$414                 stm8_hd44780
     00008446  A$stm8_hd44780$418                 stm8_hd44780
     00008447  A$stm8_hd44780$423                 stm8_hd44780
     00008447  Sstm8_hd44780$lcd_init$88          stm8_hd44780
     00008447  Sstm8_hd44780$lcd_init$89          stm8_hd44780
     00008449  A$stm8_hd44780$426                 stm8_hd44780
     00008449  Sstm8_hd44780$lcd_init$90          stm8_hd44780
     0000844C  A$stm8_hd44780$427                 stm8_hd44780
     0000844D  A$stm8_hd44780$432                 stm8_hd44780
     0000844D  Sstm8_hd44780$lcd_init$91          stm8_hd44780
     0000844D  Sstm8_hd44780$lcd_init$92          stm8_hd44780
     00008450  A$stm8_hd44780$436                 stm8_hd44780
     00008450  Sstm8_hd44780$lcd_init$93          stm8_hd44780
     00008453  A$stm8_hd44780$440                 stm8_hd44780
     00008453  Sstm8_hd44780$lcd_init$94          stm8_hd44780
     00008454  A$stm8_hd44780$441                 stm8_hd44780
     00008455  A$stm8_hd44780$451                 stm8_hd44780
     00008455  Sstm8_hd44780$lcd_init$95          stm8_hd44780
     00008455  Sstm8_hd44780$lcd_init$96          stm8_hd44780
     00008455  Sstm8_hd44780$lcd_init$97          stm8_hd44780
     00008456  A$stm8_hd44780$455                 stm8_hd44780
     00008456  Sstm8_hd44780$lcd_init$98          stm8_hd44780
     00008457  A$stm8_hd44780$456                 stm8_hd44780
     00008459  A$stm8_hd44780$457                 stm8_hd44780
     0000845C  A$stm8_hd44780$461                 stm8_hd44780
     0000845D  A$stm8_hd44780$466                 stm8_hd44780
     0000845D  Sstm8_hd44780$lcd_init$100         stm8_hd44780
     0000845D  Sstm8_hd44780$lcd_init$99          stm8_hd44780
     0000845F  A$stm8_hd44780$469                 stm8_hd44780
     0000845F  Sstm8_hd44780$lcd_init$101         stm8_hd44780
     00008462  A$stm8_hd44780$470                 stm8_hd44780
     00008463  A$stm8_hd44780$475                 stm8_hd44780
     00008463  Sstm8_hd44780$lcd_init$102         stm8_hd44780
     00008463  Sstm8_hd44780$lcd_init$103         stm8_hd44780
     00008466  A$stm8_hd44780$479                 stm8_hd44780
     00008466  Sstm8_hd44780$lcd_init$104         stm8_hd44780
     00008469  A$stm8_hd44780$483                 stm8_hd44780
     00008469  Sstm8_hd44780$lcd_init$105         stm8_hd44780
     0000846A  A$stm8_hd44780$484                 stm8_hd44780
     0000846B  A$stm8_hd44780$494                 stm8_hd44780
     0000846B  Sstm8_hd44780$lcd_init$106         stm8_hd44780
     0000846B  Sstm8_hd44780$lcd_init$107         stm8_hd44780
     0000846B  Sstm8_hd44780$lcd_init$108         stm8_hd44780
     0000846C  A$stm8_hd44780$498                 stm8_hd44780
     0000846C  Sstm8_hd44780$lcd_init$109         stm8_hd44780
ASxxxx Linker V03.00 + NoICE + sdld,  page 26.
Hexadecimal  [32-Bits]

Area                                    Addr        Size        Decimal Bytes (Attributes)
--------------------------------        ----        ----        ------- ----- ------------
CODE                                00008142    000040B9 =       16569. bytes (REL,CON)

      Value  Global                              Global Defined In Module
      -----  --------------------------------   ------------------------
     0000846D  A$stm8_hd44780$499                 stm8_hd44780
     0000846F  A$stm8_hd44780$500                 stm8_hd44780
     00008472  A$stm8_hd44780$504                 stm8_hd44780
     00008473  A$stm8_hd44780$509                 stm8_hd44780
     00008473  Sstm8_hd44780$lcd_init$110         stm8_hd44780
     00008473  Sstm8_hd44780$lcd_init$111         stm8_hd44780
     00008475  A$stm8_hd44780$512                 stm8_hd44780
     00008475  Sstm8_hd44780$lcd_init$112         stm8_hd44780
     00008478  A$stm8_hd44780$513                 stm8_hd44780
     00008479  A$stm8_hd44780$518                 stm8_hd44780
     00008479  Sstm8_hd44780$lcd_init$113         stm8_hd44780
     00008479  Sstm8_hd44780$lcd_init$114         stm8_hd44780
     0000847C  A$stm8_hd44780$522                 stm8_hd44780
     0000847C  Sstm8_hd44780$lcd_init$115         stm8_hd44780
     0000847E  A$stm8_hd44780$525                 stm8_hd44780
     0000847E  Sstm8_hd44780$lcd_init$116         stm8_hd44780
     00008481  A$stm8_hd44780$526                 stm8_hd44780
     00008482  A$stm8_hd44780$531                 stm8_hd44780
     00008482  Sstm8_hd44780$lcd_init$117         stm8_hd44780
     00008482  Sstm8_hd44780$lcd_init$118         stm8_hd44780
     00008485  A$stm8_hd44780$535                 stm8_hd44780
     00008485  Sstm8_hd44780$lcd_init$119         stm8_hd44780
     00008488  A$stm8_hd44780$539                 stm8_hd44780
     00008488  Sstm8_hd44780$lcd_init$120         stm8_hd44780
     00008489  A$stm8_hd44780$540                 stm8_hd44780
     0000848A  A$stm8_hd44780$550                 stm8_hd44780
     0000848A  Sstm8_hd44780$lcd_init$121         stm8_hd44780
     0000848A  Sstm8_hd44780$lcd_init$122         stm8_hd44780
     0000848A  Sstm8_hd44780$lcd_init$123         stm8_hd44780
     0000848B  A$stm8_hd44780$554                 stm8_hd44780
     0000848B  Sstm8_hd44780$lcd_init$124         stm8_hd44780
     0000848C  A$stm8_hd44780$555                 stm8_hd44780
     0000848E  A$stm8_hd44780$556                 stm8_hd44780
     00008491  A$stm8_hd44780$560                 stm8_hd44780
     00008492  A$stm8_hd44780$565                 stm8_hd44780
     00008492  Sstm8_hd44780$lcd_init$125         stm8_hd44780
     00008492  Sstm8_hd44780$lcd_init$126         stm8_hd44780
     00008494  A$stm8_hd44780$568                 stm8_hd44780
     00008494  Sstm8_hd44780$lcd_init$127         stm8_hd44780
     00008497  A$stm8_hd44780$569                 stm8_hd44780
     00008498  A$stm8_hd44780$574                 stm8_hd44780
     00008498  Sstm8_hd44780$lcd_init$128         stm8_hd44780
     00008498  Sstm8_hd44780$lcd_init$129         stm8_hd44780
     0000849A  A$stm8_hd44780$577                 stm8_hd44780
     0000849A  Sstm8_hd44780$lcd_init$130         stm8_hd44780
     0000849D  A$stm8_hd44780$578                 stm8_hd44780
     0000849E  A$stm8_hd44780$583                 stm8_hd44780
     0000849E  Sstm8_hd44780$lcd_init$131         stm8_hd44780
     0000849E  Sstm8_hd44780$lcd_init$132         stm8_hd44780
     000084A0  A$stm8_hd44780$586                 stm8_hd44780
     000084A0  Sstm8_hd44780$lcd_init$133         stm8_hd44780
ASxxxx Linker V03.00 + NoICE + sdld,  page 27.
Hexadecimal  [32-Bits]

Area                                    Addr        Size        Decimal Bytes (Attributes)
--------------------------------        ----        ----        ------- ----- ------------
CODE                                00008142    000040B9 =       16569. bytes (REL,CON)

      Value  Global                              Global Defined In Module
      -----  --------------------------------   ------------------------
     000084A3  A$stm8_hd44780$587                 stm8_hd44780
     000084A4  A$stm8_hd44780$592                 stm8_hd44780
     000084A4  Sstm8_hd44780$lcd_init$134         stm8_hd44780
     000084A4  Sstm8_hd44780$lcd_init$135         stm8_hd44780
     000084A6  A$stm8_hd44780$595                 stm8_hd44780
     000084A6  Sstm8_hd44780$lcd_init$136         stm8_hd44780
     000084A9  A$stm8_hd44780$596                 stm8_hd44780
     000084AA  A$stm8_hd44780$601                 stm8_hd44780
     000084AA  Sstm8_hd44780$lcd_init$137         stm8_hd44780
     000084AA  Sstm8_hd44780$lcd_init$138         stm8_hd44780
     000084AC  A$stm8_hd44780$604                 stm8_hd44780
     000084AC  Sstm8_hd44780$lcd_init$139         stm8_hd44780
     000084AF  A$stm8_hd44780$605                 stm8_hd44780
     000084B0  A$stm8_hd44780$610                 stm8_hd44780
     000084B0  Sstm8_hd44780$lcd_init$140         stm8_hd44780
     000084B0  Sstm8_hd44780$lcd_init$141         stm8_hd44780
     000084B2  A$stm8_hd44780$613                 stm8_hd44780
     000084B2  Sstm8_hd44780$lcd_init$142         stm8_hd44780
     000084B5  A$stm8_hd44780$614                 stm8_hd44780
     000084B6  A$stm8_hd44780$623                 stm8_hd44780
     000084B6  Sstm8_hd44780$lcd_init$143         stm8_hd44780
     000084B6  Sstm8_hd44780$lcd_init$144         stm8_hd44780
     000084B6  Sstm8_hd44780$lcd_init$145         stm8_hd44780
     000084B6  XG$lcd_init$0$0                    stm8_hd44780
     000084B7  A$stm8_hd44780$638                 stm8_hd44780
     000084B7  Sstm8_hd44780$lcd_gotoxy$147       stm8_hd44780
     000084B7  Sstm8_hd44780$lcd_gotoxy$148       stm8_hd44780
     000084B7  Sstm8_hd44780$lcd_gotoxy$149       stm8_hd44780
     000084B7  Sstm8_hd44780$lcd_init$146         stm8_hd44780
     000084B7  _lcd_gotoxy                        stm8_hd44780
     000084B8  A$stm8_hd44780$643                 stm8_hd44780
     000084B8  Sstm8_hd44780$lcd_gotoxy$150       stm8_hd44780
     000084BA  A$stm8_hd44780$644                 stm8_hd44780
     000084BC  A$stm8_hd44780$645                 stm8_hd44780
     000084BE  A$stm8_hd44780$646                 stm8_hd44780
     000084C1  A$stm8_hd44780$651                 stm8_hd44780
     000084C1  Sstm8_hd44780$lcd_gotoxy$151       stm8_hd44780
     000084C3  A$stm8_hd44780$652                 stm8_hd44780
     000084C5  A$stm8_hd44780$659                 stm8_hd44780
     000084C5  Sstm8_hd44780$lcd_gotoxy$152       stm8_hd44780
     000084C5  Sstm8_hd44780$lcd_gotoxy$153       stm8_hd44780
     000084C7  A$stm8_hd44780$660                 stm8_hd44780
     000084C9  A$stm8_hd44780$661                 stm8_hd44780
     000084CC  A$stm8_hd44780$665                 stm8_hd44780
     000084CC  Sstm8_hd44780$lcd_gotoxy$154       stm8_hd44780
     000084CD  A$stm8_hd44780$668                 stm8_hd44780
     000084CD  Sstm8_hd44780$lcd_gotoxy$155       stm8_hd44780
     000084D0  A$stm8_hd44780$674                 stm8_hd44780
     000084D0  Sstm8_hd44780$lcd_gotoxy$156       stm8_hd44780
     000084D2  A$stm8_hd44780$675                 stm8_hd44780
     000084D3  A$stm8_hd44780$676                 stm8_hd44780
ASxxxx Linker V03.00 + NoICE + sdld,  page 28.
Hexadecimal  [32-Bits]

Area                                    Addr        Size        Decimal Bytes (Attributes)
--------------------------------        ----        ----        ------- ----- ------------
CODE                                00008142    000040B9 =       16569. bytes (REL,CON)

      Value  Global                              Global Defined In Module
      -----  --------------------------------   ------------------------
     000084D5  A$stm8_hd44780$677                 stm8_hd44780
     000084D8  A$stm8_hd44780$679                 stm8_hd44780
     000084DB  A$stm8_hd44780$685                 stm8_hd44780
     000084DB  Sstm8_hd44780$lcd_gotoxy$157       stm8_hd44780
     000084DB  Sstm8_hd44780$lcd_gotoxy$158       stm8_hd44780
     000084DD  A$stm8_hd44780$686                 stm8_hd44780
     000084DE  A$stm8_hd44780$693                 stm8_hd44780
     000084DE  Sstm8_hd44780$lcd_gotoxy$159       stm8_hd44780
     000084DE  Sstm8_hd44780$lcd_gotoxy$160       stm8_hd44780
     000084DF  A$stm8_hd44780$694                 stm8_hd44780
     000084E1  A$stm8_hd44780$699                 stm8_hd44780
     000084E1  Sstm8_hd44780$lcd_gotoxy$161       stm8_hd44780
     000084E3  A$stm8_hd44780$701                 stm8_hd44780
     000084E4  A$stm8_hd44780$704                 stm8_hd44780
     000084E4  Sstm8_hd44780$lcd_gotoxy$162       stm8_hd44780
     000084E7  A$stm8_hd44780$705                 stm8_hd44780
     000084E8  A$stm8_hd44780$714                 stm8_hd44780
     000084E8  Sstm8_hd44780$lcd_gotoxy$163       stm8_hd44780
     000084E8  Sstm8_hd44780$lcd_gotoxy$164       stm8_hd44780
     000084E8  Sstm8_hd44780$lcd_gotoxy$165       stm8_hd44780
     000084E8  XG$lcd_gotoxy$0$0                  stm8_hd44780
     000084E9  A$stm8_hd44780$729                 stm8_hd44780
     000084E9  Sstm8_hd44780$lcd_gotoxy$166       stm8_hd44780
     000084E9  Sstm8_hd44780$lcd_init_hw$167      stm8_hd44780
     000084E9  Sstm8_hd44780$lcd_init_hw$168      stm8_hd44780
     000084E9  Sstm8_hd44780$lcd_init_hw$169      stm8_hd44780
     000084E9  _lcd_init_hw                       stm8_hd44780
     000084EB  A$stm8_hd44780$732                 stm8_hd44780
     000084EB  Sstm8_hd44780$lcd_init_hw$170      stm8_hd44780
     000084ED  A$stm8_hd44780$735                 stm8_hd44780
     000084ED  Sstm8_hd44780$lcd_init_hw$171      stm8_hd44780
     000084EF  A$stm8_hd44780$737                 stm8_hd44780
     000084EF  Sstm8_hd44780$lcd_init_hw$172      stm8_hd44780
     000084F1  A$stm8_hd44780$740                 stm8_hd44780
     000084F1  Sstm8_hd44780$lcd_init_hw$173      stm8_hd44780
     000084F4  A$stm8_hd44780$741                 stm8_hd44780
     000084F6  A$stm8_hd44780$746                 stm8_hd44780
     000084F6  Sstm8_hd44780$lcd_init_hw$174      stm8_hd44780
     000084F6  Sstm8_hd44780$lcd_init_hw$175      stm8_hd44780
     000084F8  A$stm8_hd44780$749                 stm8_hd44780
     000084F8  Sstm8_hd44780$lcd_init_hw$176      stm8_hd44780
     000084FA  A$stm8_hd44780$752                 stm8_hd44780
     000084FA  Sstm8_hd44780$lcd_init_hw$177      stm8_hd44780
     000084FC  A$stm8_hd44780$754                 stm8_hd44780
     000084FC  Sstm8_hd44780$lcd_init_hw$178      stm8_hd44780
     000084FE  A$stm8_hd44780$757                 stm8_hd44780
     000084FE  Sstm8_hd44780$lcd_init_hw$179      stm8_hd44780
     00008501  A$stm8_hd44780$758                 stm8_hd44780
     00008503  A$stm8_hd44780$763                 stm8_hd44780
[...]
     0000B94D  A$stm8s_tim1$9028                  stm8s_tim1
     0000B94F  A$stm8s_tim1$9030                  stm8s_tim1
     0000B94F  Sstm8s_tim1$TIM1_ClearITPendingB   stm8s_tim1
     0000B951  A$stm8s_tim1$9032                  stm8s_tim1
     0000B951  Sstm8s_tim1$TIM1_ClearITPendingB   stm8s_tim1
     0000B952  A$stm8s_tim1$9033                  stm8s_tim1
     0000B953  A$stm8s_tim1$9036                  stm8s_tim1
     0000B953  Sstm8s_tim1$TIM1_ClearITPendingB   stm8s_tim1
     0000B955  A$stm8s_tim1$9038                  stm8s_tim1
     0000B955  Sstm8s_tim1$TIM1_ClearITPendingB   stm8s_tim1
     0000B957  A$stm8s_tim1$9041                  stm8s_tim1
     0000B957  Sstm8s_tim1$TIM1_ClearITPendingB   stm8s_tim1
     0000B95A  A$stm8s_tim1$9042                  stm8s_tim1
     0000B95C  A$stm8s_tim1$9049                  stm8s_tim1
     0000B95C  Sstm8s_tim1$TIM1_ClearITPendingB   stm8s_tim1
     0000B95C  Sstm8s_tim1$TIM1_ClearITPendingB   stm8s_tim1
ASxxxx Linker V03.00 + NoICE + sdld,  page 244.
Hexadecimal  [32-Bits]

Area                                    Addr        Size        Decimal Bytes (Attributes)
--------------------------------        ----        ----        ------- ----- ------------
CODE                                00008142    000040B9 =       16569. bytes (REL,CON)

      Value  Global                              Global Defined In Module
      -----  --------------------------------   ------------------------
     0000B95E  A$stm8s_tim1$9050                  stm8s_tim1
     0000B95F  A$stm8s_tim1$9052                  stm8s_tim1
     0000B962  A$stm8s_tim1$9060                  stm8s_tim1
     0000B962  Sstm8s_tim1$TIM1_ClearITPendingB   stm8s_tim1
     0000B962  Sstm8s_tim1$TIM1_ClearITPendingB   stm8s_tim1
     0000B962  XG$TIM1_ClearITPendingBit$0$0      stm8s_tim1
     0000B963  A$stm8s_tim1$9072                  stm8s_tim1
     0000B963  Sstm8s_tim1$TI1_Config$1965        stm8s_tim1
     0000B963  Sstm8s_tim1$TI1_Config$1966        stm8s_tim1
     0000B963  Sstm8s_tim1$TIM1_ClearITPendingB   stm8s_tim1
     0000B964  A$stm8s_tim1$9077                  stm8s_tim1
     0000B964  Sstm8s_tim1$TI1_Config$1967        stm8s_tim1
     0000B964  Sstm8s_tim1$TI1_Config$1968        stm8s_tim1
     0000B967  A$stm8s_tim1$9079                  stm8s_tim1
     0000B969  A$stm8s_tim1$9081                  stm8s_tim1
     0000B96C  A$stm8s_tim1$9085                  stm8s_tim1
     0000B96C  Sstm8s_tim1$TI1_Config$1969        stm8s_tim1
     0000B96F  A$stm8s_tim1$9087                  stm8s_tim1
     0000B971  A$stm8s_tim1$9088                  stm8s_tim1
     0000B973  A$stm8s_tim1$9093                  stm8s_tim1
     0000B973  Sstm8s_tim1$TI1_Config$1970        stm8s_tim1
     0000B975  A$stm8s_tim1$9095                  stm8s_tim1
     0000B976  A$stm8s_tim1$9096                  stm8s_tim1
     0000B978  A$stm8s_tim1$9100                  stm8s_tim1
     0000B97A  A$stm8s_tim1$9102                  stm8s_tim1
     0000B97C  A$stm8s_tim1$9104                  stm8s_tim1
     0000B97F  A$stm8s_tim1$9108                  stm8s_tim1
     0000B97F  Sstm8s_tim1$TI1_Config$1971        stm8s_tim1
     0000B982  A$stm8s_tim1$9112                  stm8s_tim1
     0000B982  Sstm8s_tim1$TI1_Config$1972        stm8s_tim1
     0000B984  A$stm8s_tim1$9113                  stm8s_tim1
     0000B986  A$stm8s_tim1$9114                  stm8s_tim1
     0000B989  A$stm8s_tim1$9120                  stm8s_tim1
     0000B989  Sstm8s_tim1$TI1_Config$1973        stm8s_tim1
     0000B989  Sstm8s_tim1$TI1_Config$1974        stm8s_tim1
     0000B98B  A$stm8s_tim1$9122                  stm8s_tim1
     0000B98E  A$stm8s_tim1$9125                  stm8s_tim1
     0000B98E  Sstm8s_tim1$TI1_Config$1975        stm8s_tim1
     0000B991  A$stm8s_tim1$9132                  stm8s_tim1
     0000B991  Sstm8s_tim1$TI1_Config$1976        stm8s_tim1
     0000B991  Sstm8s_tim1$TI1_Config$1977        stm8s_tim1
     0000B993  A$stm8s_tim1$9134                  stm8s_tim1
     0000B996  A$stm8s_tim1$9141                  stm8s_tim1
     0000B996  Sstm8s_tim1$TI1_Config$1978        stm8s_tim1
     0000B996  Sstm8s_tim1$TI1_Config$1979        stm8s_tim1
     0000B999  A$stm8s_tim1$9143                  stm8s_tim1
     0000B99B  A$stm8s_tim1$9145                  stm8s_tim1
     0000B99E  A$stm8s_tim1$9151                  stm8s_tim1
     0000B99E  Sstm8s_tim1$TI1_Config$1980        stm8s_tim1
     0000B99F  A$stm8s_tim1$9155                  stm8s_tim1
     0000B99F  Sstm8s_tim1$TI1_Config$1981        stm8s_tim1
ASxxxx Linker V03.00 + NoICE + sdld,  page 245.
Hexadecimal  [32-Bits]

Area                                    Addr        Size        Decimal Bytes (Attributes)
--------------------------------        ----        ----        ------- ----- ------------
CODE                                00008142    000040B9 =       16569. bytes (REL,CON)

      Value  Global                              Global Defined In Module
      -----  --------------------------------   ------------------------
     0000B99F  Sstm8s_tim1$TI1_Config$1982        stm8s_tim1
     0000B99F  XFstm8s_tim1$TI1_Config$0$0        stm8s_tim1
     0000B9A0  A$stm8s_tim1$9167                  stm8s_tim1
     0000B9A0  Sstm8s_tim1$TI1_Config$1983        stm8s_tim1
     0000B9A0  Sstm8s_tim1$TI2_Config$1984        stm8s_tim1
     0000B9A0  Sstm8s_tim1$TI2_Config$1985        stm8s_tim1
     0000B9A1  A$stm8s_tim1$9172                  stm8s_tim1
     0000B9A1  Sstm8s_tim1$TI2_Config$1986        stm8s_tim1
     0000B9A1  Sstm8s_tim1$TI2_Config$1987        stm8s_tim1
     0000B9A4  A$stm8s_tim1$9174                  stm8s_tim1
     0000B9A6  A$stm8s_tim1$9176                  stm8s_tim1
     0000B9A9  A$stm8s_tim1$9180                  stm8s_tim1
     0000B9A9  Sstm8s_tim1$TI2_Config$1988        stm8s_tim1
     0000B9AC  A$stm8s_tim1$9182                  stm8s_tim1
     0000B9AE  A$stm8s_tim1$9183                  stm8s_tim1
     0000B9B0  A$stm8s_tim1$9188                  stm8s_tim1
     0000B9B0  Sstm8s_tim1$TI2_Config$1989        stm8s_tim1
     0000B9B2  A$stm8s_tim1$9190                  stm8s_tim1
     0000B9B3  A$stm8s_tim1$9191                  stm8s_tim1
     0000B9B5  A$stm8s_tim1$9195                  stm8s_tim1
     0000B9B7  A$stm8s_tim1$9197                  stm8s_tim1
     0000B9B9  A$stm8s_tim1$9199                  stm8s_tim1
     0000B9BC  A$stm8s_tim1$9203                  stm8s_tim1
     0000B9BC  Sstm8s_tim1$TI2_Config$1990        stm8s_tim1
     0000B9BF  A$stm8s_tim1$9207                  stm8s_tim1
     0000B9BF  Sstm8s_tim1$TI2_Config$1991        stm8s_tim1
     0000B9C1  A$stm8s_tim1$9208                  stm8s_tim1
     0000B9C3  A$stm8s_tim1$9209                  stm8s_tim1
     0000B9C6  A$stm8s_tim1$9215                  stm8s_tim1
     0000B9C6  Sstm8s_tim1$TI2_Config$1992        stm8s_tim1
     0000B9C6  Sstm8s_tim1$TI2_Config$1993        stm8s_tim1
     0000B9C8  A$stm8s_tim1$9217                  stm8s_tim1
     0000B9CB  A$stm8s_tim1$9220                  stm8s_tim1
     0000B9CB  Sstm8s_tim1$TI2_Config$1994        stm8s_tim1
     0000B9CE  A$stm8s_tim1$9227                  stm8s_tim1
     0000B9CE  Sstm8s_tim1$TI2_Config$1995        stm8s_tim1
     0000B9CE  Sstm8s_tim1$TI2_Config$1996        stm8s_tim1
     0000B9D0  A$stm8s_tim1$9229                  stm8s_tim1
     0000B9D3  A$stm8s_tim1$9236                  stm8s_tim1
     0000B9D3  Sstm8s_tim1$TI2_Config$1997        stm8s_tim1
     0000B9D3  Sstm8s_tim1$TI2_Config$1998        stm8s_tim1
     0000B9D6  A$stm8s_tim1$9238                  stm8s_tim1
     0000B9D8  A$stm8s_tim1$9240                  stm8s_tim1
     0000B9DB  A$stm8s_tim1$9246                  stm8s_tim1
     0000B9DB  Sstm8s_tim1$TI2_Config$1999        stm8s_tim1
     0000B9DC  A$stm8s_tim1$9250                  stm8s_tim1
     0000B9DC  Sstm8s_tim1$TI2_Config$2000        stm8s_tim1
     0000B9DC  Sstm8s_tim1$TI2_Config$2001        stm8s_tim1
     0000B9DC  XFstm8s_tim1$TI2_Config$0$0        stm8s_tim1
     0000B9DD  A$stm8s_tim1$9262                  stm8s_tim1
     0000B9DD  Sstm8s_tim1$TI2_Config$2002        stm8s_tim1
ASxxxx Linker V03.00 + NoICE + sdld,  page 246.
Hexadecimal  [32-Bits]

Area                                    Addr        Size        Decimal Bytes (Attributes)
--------------------------------        ----        ----        ------- ----- ------------
CODE                                00008142    000040B9 =       16569. bytes (REL,CON)

      Value  Global                              Global Defined In Module
      -----  --------------------------------   ------------------------
     0000B9DD  Sstm8s_tim1$TI3_Config$2003        stm8s_tim1
     0000B9DD  Sstm8s_tim1$TI3_Config$2004        stm8s_tim1
     0000B9DE  A$stm8s_tim1$9267                  stm8s_tim1
     0000B9DE  Sstm8s_tim1$TI3_Config$2005        stm8s_tim1
     0000B9DE  Sstm8s_tim1$TI3_Config$2006        stm8s_tim1
     0000B9E1  A$stm8s_tim1$9269                  stm8s_tim1
     0000B9E3  A$stm8s_tim1$9271                  stm8s_tim1
     0000B9E6  A$stm8s_tim1$9275                  stm8s_tim1
     0000B9E6  Sstm8s_tim1$TI3_Config$2007        stm8s_tim1
     0000B9E9  A$stm8s_tim1$9277                  stm8s_tim1
     0000B9EB  A$stm8s_tim1$9278                  stm8s_tim1
     0000B9ED  A$stm8s_tim1$9283                  stm8s_tim1
     0000B9ED  Sstm8s_tim1$TI3_Config$2008        stm8s_tim1
     0000B9EF  A$stm8s_tim1$9285                  stm8s_tim1
     0000B9F0  A$stm8s_tim1$9286                  stm8s_tim1
     0000B9F2  A$stm8s_tim1$9290                  stm8s_tim1
     0000B9F4  A$stm8s_tim1$9292                  stm8s_tim1
     0000B9F6  A$stm8s_tim1$9294                  stm8s_tim1
     0000B9F9  A$stm8s_tim1$9298                  stm8s_tim1
     0000B9F9  Sstm8s_tim1$TI3_Config$2009        stm8s_tim1
     0000B9FC  A$stm8s_tim1$9302                  stm8s_tim1
     0000B9FC  Sstm8s_tim1$TI3_Config$2010        stm8s_tim1
     0000B9FE  A$stm8s_tim1$9303                  stm8s_tim1
     0000BA00  A$stm8s_tim1$9304                  stm8s_tim1
     0000BA03  A$stm8s_tim1$9310                  stm8s_tim1
     0000BA03  Sstm8s_tim1$TI3_Config$2011        stm8s_tim1
     0000BA03  Sstm8s_tim1$TI3_Config$2012        stm8s_tim1
     0000BA05  A$stm8s_tim1$9312                  stm8s_tim1
     0000BA08  A$stm8s_tim1$9315                  stm8s_tim1
     0000BA08  Sstm8s_tim1$TI3_Config$2013        stm8s_tim1
     0000BA0B  A$stm8s_tim1$9322                  stm8s_tim1
     0000BA0B  Sstm8s_tim1$TI3_Config$2014        stm8s_tim1
     0000BA0B  Sstm8s_tim1$TI3_Config$2015        stm8s_tim1
     0000BA0D  A$stm8s_tim1$9324                  stm8s_tim1
     0000BA10  A$stm8s_tim1$9331                  stm8s_tim1
     0000BA10  Sstm8s_tim1$TI3_Config$2016        stm8s_tim1
     0000BA10  Sstm8s_tim1$TI3_Config$2017        stm8s_tim1
     0000BA13  A$stm8s_tim1$9333                  stm8s_tim1
     0000BA15  A$stm8s_tim1$9335                  stm8s_tim1
     0000BA18  A$stm8s_tim1$9341                  stm8s_tim1
     0000BA18  Sstm8s_tim1$TI3_Config$2018        stm8s_tim1
     0000BA19  A$stm8s_tim1$9345                  stm8s_tim1
     0000BA19  Sstm8s_tim1$TI3_Config$2019        stm8s_tim1
     0000BA19  Sstm8s_tim1$TI3_Config$2020        stm8s_tim1
     0000BA19  XFstm8s_tim1$TI3_Config$0$0        stm8s_tim1
     0000BA1A  A$stm8s_tim1$9357                  stm8s_tim1
     0000BA1A  Sstm8s_tim1$TI3_Config$2021        stm8s_tim1
     0000BA1A  Sstm8s_tim1$TI4_Config$2022        stm8s_tim1
     0000BA1A  Sstm8s_tim1$TI4_Config$2023        stm8s_tim1
     0000BA1B  A$stm8s_tim1$9362                  stm8s_tim1
     0000BA1B  Sstm8s_tim1$TI4_Config$2024        stm8s_tim1
ASxxxx Linker V03.00 + NoICE + sdld,  page 247.
Hexadecimal  [32-Bits]

Area                                    Addr        Size        Decimal Bytes (Attributes)
--------------------------------        ----        ----        ------- ----- ------------
CODE                                00008142    000040B9 =       16569. bytes (REL,CON)

      Value  Global                              Global Defined In Module
      -----  --------------------------------   ------------------------
     0000BA1B  Sstm8s_tim1$TI4_Config$2025        stm8s_tim1
     0000BA1E  A$stm8s_tim1$9364                  stm8s_tim1
     0000BA20  A$stm8s_tim1$9366                  stm8s_tim1
     0000BA23  A$stm8s_tim1$9370                  stm8s_tim1
     0000BA23  Sstm8s_tim1$TI4_Config$2026        stm8s_tim1
     0000BA26  A$stm8s_tim1$9372                  stm8s_tim1
     0000BA28  A$stm8s_tim1$9373                  stm8s_tim1
     0000BA2A  A$stm8s_tim1$9378                  stm8s_tim1
     0000BA2A  Sstm8s_tim1$TI4_Config$2027        stm8s_tim1
     0000BA2C  A$stm8s_tim1$9380                  stm8s_tim1
     0000BA2D  A$stm8s_tim1$9381                  stm8s_tim1
     0000BA2F  A$stm8s_tim1$9385                  stm8s_tim1
     0000BA31  A$stm8s_tim1$9387                  stm8s_tim1
     0000BA33  A$stm8s_tim1$9389                  stm8s_tim1
     0000BA36  A$stm8s_tim1$9393                  stm8s_tim1
     0000BA36  Sstm8s_tim1$TI4_Config$2028        stm8s_tim1
     0000BA39  A$stm8s_tim1$9397                  stm8s_tim1
     0000BA39  Sstm8s_tim1$TI4_Config$2029        stm8s_tim1
     0000BA3B  A$stm8s_tim1$9398                  stm8s_tim1
     0000BA3D  A$stm8s_tim1$9399                  stm8s_tim1
     0000BA40  A$stm8s_tim1$9405                  stm8s_tim1
     0000BA40  Sstm8s_tim1$TI4_Config$2030        stm8s_tim1
     0000BA40  Sstm8s_tim1$TI4_Config$2031        stm8s_tim1
     0000BA42  A$stm8s_tim1$9407                  stm8s_tim1
     0000BA45  A$stm8s_tim1$9410                  stm8s_tim1
     0000BA45  Sstm8s_tim1$TI4_Config$2032        stm8s_tim1
     0000BA48  A$stm8s_tim1$9417                  stm8s_tim1
     0000BA48  Sstm8s_tim1$TI4_Config$2033        stm8s_tim1
     0000BA48  Sstm8s_tim1$TI4_Config$2034        stm8s_tim1
     0000BA4A  A$stm8s_tim1$9419                  stm8s_tim1
     0000BA4D  A$stm8s_tim1$9426                  stm8s_tim1
     0000BA4D  Sstm8s_tim1$TI4_Config$2035        stm8s_tim1
     0000BA4D  Sstm8s_tim1$TI4_Config$2036        stm8s_tim1
     0000BA50  A$stm8s_tim1$9428                  stm8s_tim1
     0000BA52  A$stm8s_tim1$9430                  stm8s_tim1
     0000BA55  A$stm8s_tim1$9436                  stm8s_tim1
     0000BA55  Sstm8s_tim1$TI4_Config$2037        stm8s_tim1
     0000BA56  A$stm8s_tim1$9440                  stm8s_tim1
     0000BA56  Sstm8s_tim1$TI4_Config$2038        stm8s_tim1
     0000BA56  Sstm8s_tim1$TI4_Config$2039        stm8s_tim1
     0000BA56  XFstm8s_tim1$TI4_Config$0$0        stm8s_tim1
     0000BA57  Sstm8s_tim1$TI4_Config$2040        stm8s_tim1
     0000BA6A  _vsprintf                          sprintf
     0000BA83  _sprintf                           sprintf
     0000BA9E  __divulong                         
     0000BAF8  __mullong                          
     0000BC10  __print_format                     printf_large
     0000C1EC  _strlen                            _strlen

ASxxxx Linker V03.00 + NoICE + sdld,  page 248.
Hexadecimal  [32-Bits]

Area                                    Addr        Size        Decimal Bytes (Attributes)
--------------------------------        ----        ----        ------- ----- ------------
.debug_line                         00000000    0000340C =       13324. bytes (REL,CON)

      Value  Global                              Global Defined In Module
      -----  --------------------------------   ------------------------
ASxxxx Linker V03.00 + NoICE + sdld,  page 249.
Hexadecimal  [32-Bits]

Area                                    Addr        Size        Decimal Bytes (Attributes)
--------------------------------        ----        ----        ------- ----- ------------
.debug_loc                          00000000    000070B4 =       28852. bytes (REL,CON)

      Value  Global                              Global Defined In Module
      -----  --------------------------------   ------------------------
ASxxxx Linker V03.00 + NoICE + sdld,  page 250.
Hexadecimal  [32-Bits]

Area                                    Addr        Size        Decimal Bytes (Attributes)
--------------------------------        ----        ----        ------- ----- ------------
.debug_abbrev                       00000000    000006AD =        1709. bytes (REL,CON)

      Value  Global                              Global Defined In Module
      -----  --------------------------------   ------------------------
ASxxxx Linker V03.00 + NoICE + sdld,  page 251.
Hexadecimal  [32-Bits]

Area                                    Addr        Size        Decimal Bytes (Attributes)
--------------------------------        ----        ----        ------- ----- ------------
.debug_info                         00000000    00004BD8 =       19416. bytes (REL,CON)

      Value  Global                              Global Defined In Module
      -----  --------------------------------   ------------------------
ASxxxx Linker V03.00 + NoICE + sdld,  page 252.
Hexadecimal  [32-Bits]

Area                                    Addr        Size        Decimal Bytes (Attributes)
--------------------------------        ----        ----        ------- ----- ------------
.debug_pubnames                     00000000    00001248 =        4680. bytes (REL,CON)

      Value  Global                              Global Defined In Module
      -----  --------------------------------   ------------------------
ASxxxx Linker V03.00 + NoICE + sdld,  page 253.
Hexadecimal  [32-Bits]

Area                                    Addr        Size        Decimal Bytes (Attributes)
--------------------------------        ----        ----        ------- ----- ------------
.debug_frame                        00000000    000059B1 =       22961. bytes (REL,CON)

      Value  Global                              Global Defined In Module
      -----  --------------------------------   ------------------------
ASxxxx Linker V03.00 + NoICE + sdld,  page 254.

Files Linked                              [ module(s) ]

build-STM8S208/main.rel                   [ main ]
build-STM8S208/milis.rel                  [ milis ]
build-STM8S208/spse_stm8.rel              [ spse_stm8 ]
build-STM8S208/stm8_hd44780.rel           [ stm8_hd44780 ]
build-STM8S208/stm8s_it.rel               [ stm8s_it ]
build-STM8S208/swspi.rel                  [ swspi ]
build-STM8S208/stm8s_gpio.rel             [ stm8s_gpio ]
build-STM8S208/stm8s_clk.rel              [ stm8s_clk ]
build-STM8S208/stm8s_tim4.rel             [ stm8s_tim4 ]
build-STM8S208/stm8s_itc.rel              [ stm8s_itc ]
build-STM8S208/stm8s_adc2.rel             [ stm8s_adc2 ]
build-STM8S208/stm8s_tim1.rel             [ stm8s_tim1 ]


Libraries Linked                          [ object file ]

C:\Program Files\SDCC\bin\..\lib\stm8/stm8.lib
                                          [ sprintf.rel ]
C:\Program Files\SDCC\bin\..\lib\stm8/stm8.lib
                                          [ _divulong.rel ]
C:\Program Files\SDCC\bin\..\lib\stm8/stm8.lib
                                          [ _mullong.rel ]
C:\Program Files\SDCC\bin\..\lib\stm8/stm8.lib
                                          [ printf_large.rel ]
C:\Program Files\SDCC\bin\..\lib\stm8/stm8.lib
                                          [ _strlen.rel ]

ASxxxx Linker V03.00 + NoICE + sdld,  page 255.

User Base Address Definitions

HOME = 0x8000
DATA = 0x0001

